15 1 24 19 0 7 25 15 1 13 0 1 1 0 99 12 0 0 0 97 12 15 -1 13 0 98 12 15 -1 0 0 11 23 15 -1 13 11 23 15 -1 13 0 1 1 11 23 21 2