24 19 0 5 25 13 0 1 12 13 0 1 1 0 97 12 13 11 22 15 -1 13 0 1 1 11 23 21 2