24 19 0 5 25 13 0 5 12 13 11 22 15 -1 13 13 11 0 1 1 12 15 -1 13 11 0 4 7 18 9 21 0