24 19 0 5 25 13 0 5 12 15 1 13 0 1 1 0 0 12 15 -1 16 45 13 0 1 1 11 22 15 -1 13 0 1 1 13 0 1 1 11 0 1 1 12 15 -1 13 0 1 1 11 13 11 7 18 22 21 1