24 19 0 5 25 13 0 5 12 13 11 17 17 0 1 16 19 0 0 17 26 13 11 22 21 1 21 0