24 19 0 5 25 13 0 1 12 0 1 0 1 1 15 -1 13 13 11 0 1 1 12 15 -1 13 11 22 15 -1 0 1 0 1 2 15 -1 13 13 11 0 1 2 12 15 -1 13 11 22 15 -1 0 2 13 13 11 0 2 1 12 15 -2 13 11 22 15 -1 0 2 13 13 11 0 2 2 12 15 -2 13 11 22 15 -1 0 2 13 13 11 0 2 3 12 15 -2 13 11 22 15 -1 0 2 13 13 11 0 2 4 12 15 -2 13 11 22 15 -1 0 2 13 13 11 0 2 5 12 15 -2 13 11 22 21 1